// Vitest Snapshot v1, https://vitest.dev/guide/snapshot.html

exports[`chronicle preview > renders a realistic week 1`] = `
"
──────────────────────────────────────────────────────────────────────────
  THE WEEK THAT HELD
  Jul 13 – Jul 19
──────────────────────────────────────────────────────────────────────────
  14/17 habits   ·   5 perfect days   ·   8h 10m tracked work   ·   2 tasks   ·   3 entries   ·   +672 XP
──────────────────────────────────────────────────────────────────────────

  This was one of the good ones. 5 days where everything you asked of
  yourself actually happened — that is not a streak you stumble into.

  You kept Fajr on time every one of the 7 days it was due. It is at 23
  days now — long past the point where it needs deciding each morning.

  Morning run slipped 2 times out of 3.

  8h 10m of tracked work across 2 quests, most of it — 7 hours — on Ship
  IrtiQa v1. Your last note on it: "wrote the Chronicle generator,
  finally reads like prose." You finished Lesson plans for UniteUS this
  week.

  On Friday you wrote, on "What drained you?": "Smoked with Alimzhan
  again. Knew it was coming the moment he called and went anyway."

  Mood ran the whole range this week — 2/5 at the bottom, 4/5 at the top,
  across 3 entries. Averaging that would hide both ends.

  The week's weight went to Spirituality and Health. Nothing reached
  Friends, Development, and Brightness.

  Whatever you were doing this week, the record says it worked.

──────────────────────────────────────────────────────────────────────────
"
`;
